// Jest Snapshot v1, https://goo.gl/fbAQLP

exports[`Given a DepositPage component when the component is rendered should match the snapshot 1`] = `
<Master
  title="Cart"
>
  <Cartstyled__CartTable>
    <thead>
      <tr>
        <th>
          Image
        </th>
        <th>
          Product name
        </th>
        <th>
          Price
        </th>
        <th>
          Quantity
        </th>
        <th>
          total
        </th>
      </tr>
    </thead>
    <tbody />
  </Cartstyled__CartTable>
  TOTAL: 12
  <Cartstyled__ControlsWrapper>
    <h3>
      User info
    </h3>
    <div>
      <WithStyle(Input)
        name="name"
        onChange={[MockFunction]}
        placeholder="Type your name"
        value=""
      />
    </div>
    <div>
      <WithStyle(Input)
        name="address"
        onChange={[MockFunction]}
        placeholder="Type your address"
        value=""
      />
    </div>
    <div>
      <WithStyle(Button)
        className="large"
        name="confirm"
        onClick={[MockFunction]}
      >
        Submit
      </WithStyle(Button)>
    </div>
  </Cartstyled__ControlsWrapper>
</Master>
`;
