// Jest Snapshot v1, https://goo.gl/fbAQLP

exports[`Given an Input component when the component is rendered should match the snapshot 1`] = `
<input
  name="add-form-input"
  onChange={[Function]}
  placeholder=""
  style={
    Object {
      "background": "blue",
    }
  }
  type="text"
  value=""
/>
`;
