// Jest Snapshot v1, https://goo.gl/fbAQLP

exports[`Given the CartItem component when the component is rendered should render the component with provided props 1`] = `
<CartItemstyled__CartItemRow
  data-name={1}
  key="1"
>
  <CartItemstyled__CartItemCol>
    <img
      alt=""
      src=""
    />
  </CartItemstyled__CartItemCol>
  <CartItemstyled__CartItemCol>
    Product 1
  </CartItemstyled__CartItemCol>
  <CartItemstyled__CartItemCol>
    22
  </CartItemstyled__CartItemCol>
  <CartItemstyled__CartItemCol>
    <div>
      <WithStyle(Button)
        onClick={[MockFunction]}
      >
        -
      </WithStyle(Button)>
      <CartItemstyled__QuantityContainer>
        1
      </CartItemstyled__QuantityContainer>
      <WithStyle(Button)
        onClick={[MockFunction]}
      >
        +
      </WithStyle(Button)>
    </div>
  </CartItemstyled__CartItemCol>
  <CartItemstyled__CartItemCol>
    22
  </CartItemstyled__CartItemCol>
</CartItemstyled__CartItemRow>
`;
