// Jest Snapshot v1, https://goo.gl/fbAQLP

exports[`Given a Master component when the component is rendered should match the snapshot 1`] = `
<Masterstyled__MasterWrapper>
  <Header
    title="test"
    total={12}
  />
  <Masterstyled__CartMainContainer>
    <Masterstyled__CartContainer>
      <div>
        Page
      </div>
    </Masterstyled__CartContainer>
  </Masterstyled__CartMainContainer>
  <Footer />
</Masterstyled__MasterWrapper>
`;
